main.c:152:6:Controller	48	static
main.c:179:6:getUSARTData	32	static
main.c:231:6:commutateNow_0	8	static
main.c:237:6:commutateNow_1	8	static
main.c:243:6:commutateNow_2	8	static
main.c:249:6:commutateNow_3	8	static
main.c:256:6:commutateNow_4	8	static
main.c:262:6:commutateNow_5	8	static
main.c:268:6:commutationPattern	40	static,ignoring_inline_asm
main.c:394:6:startMotor	16	static
main.c:440:5:main	16	static
main.c:589:6:SystemClock_Config	128	static
main.c:638:13:MX_ADC1_Init	48	static
main.c:701:13:MX_ADC2_Init	32	static
main.c:756:13:MX_COMP1_Init	8	static
main.c:791:13:MX_COMP2_Init	8	static
main.c:826:13:MX_COMP3_Init	8	static
main.c:861:13:MX_DAC_Init	24	static
main.c:899:13:MX_TIM1_Init	96	static
main.c:985:13:MX_TIM2_Init	40	static
main.c:1030:13:MX_TIM3_Init	48	static
main.c:1082:13:MX_TIM6_Init	24	static
main.c:1120:13:MX_TIM7_Init	24	static
main.c:1158:13:MX_TIM15_Init	56	static
main.c:1223:13:MX_TIM16_Init	8	static
main.c:1255:13:MX_USART1_UART_Init	8	static
main.c:1288:13:MX_DMA_Init	16	static
main.c:1313:13:MX_GPIO_Init	40	static
main.c:1354:6:HAL_UART_RxCpltCallback	32	static
main.c:1393:6:HAL_TIM_IC_CaptureCallback	24	static
main.c:1452:6:HAL_TIM_PeriodElapsedCallback	24	static
main.c:1500:6:HAL_COMP_TriggerCallback	16	static
main.c:1591:6:HAL_ADC_ConvCpltCallback	24	static
main.c:1640:6:Error_Handler	4	static
