main.c:136:6:getUSARTData	32	static
main.c:182:6:commutateNow_0	8	static
main.c:188:6:commutateNow_1	8	static
main.c:194:6:commutateNow_2	8	static
main.c:200:6:commutateNow_3	8	static
main.c:207:6:commutateNow_4	8	static
main.c:213:6:commutateNow_5	8	static
main.c:219:6:commutationPattern	40	static
main.c:315:6:startMotor	8	static
main.c:353:5:main	8	static
main.c:464:6:SystemClock_Config	128	static
main.c:513:13:MX_ADC1_Init	48	static
main.c:576:13:MX_ADC2_Init	32	static
main.c:631:13:MX_COMP1_Init	8	static
main.c:666:13:MX_COMP2_Init	8	static
main.c:701:13:MX_COMP3_Init	8	static
main.c:736:13:MX_DAC_Init	24	static
main.c:774:13:MX_TIM1_Init	96	static
main.c:861:13:MX_TIM2_Init	40	static
main.c:906:13:MX_TIM3_Init	48	static
main.c:958:13:MX_TIM6_Init	24	static
main.c:996:13:MX_TIM15_Init	56	static
main.c:1061:13:MX_USART1_UART_Init	8	static
main.c:1094:13:MX_DMA_Init	16	static
main.c:1112:13:MX_GPIO_Init	40	static
main.c:1153:6:HAL_UART_RxCpltCallback	32	static
main.c:1191:6:HAL_COMP_TriggerCallback	16	static
main.c:1195:6:HAL_TIM_PeriodElapsedCallback	16	static
main.c:1201:6:HAL_TIM_IC_CaptureCallback	24	static
main.c:1270:6:Error_Handler	4	static
