stm32f3xx_it.c:84:6:NMI_Handler	4	static
stm32f3xx_it.c:97:6:HardFault_Handler	8	static
stm32f3xx_it.c:114:6:MemManage_Handler	4	static
stm32f3xx_it.c:129:6:BusFault_Handler	4	static
stm32f3xx_it.c:144:6:UsageFault_Handler	4	static
stm32f3xx_it.c:159:6:SVC_Handler	4	static
stm32f3xx_it.c:172:6:DebugMon_Handler	4	static
stm32f3xx_it.c:185:6:PendSV_Handler	4	static
stm32f3xx_it.c:198:6:SysTick_Handler	8	static
stm32f3xx_it.c:225:6:DMA1_Channel1_IRQHandler	8	static
stm32f3xx_it.c:239:6:DMA1_Channel5_IRQHandler	8	static
stm32f3xx_it.c:253:6:TIM1_BRK_TIM15_IRQHandler	8	static
stm32f3xx_it.c:268:6:TIM1_UP_TIM16_IRQHandler	8	static
stm32f3xx_it.c:283:6:TIM1_CC_IRQHandler	8	static
stm32f3xx_it.c:297:6:TIM3_IRQHandler	8	static
stm32f3xx_it.c:311:6:USART1_IRQHandler	8	static
stm32f3xx_it.c:330:6:TIM6_DAC_IRQHandler	8	static
stm32f3xx_it.c:345:6:DMA2_Channel1_IRQHandler	8	static
stm32f3xx_it.c:359:6:COMP1_2_3_IRQHandler	8	static
