stm32f3xx_it.c:108:6:NMI_Handler	4	static
stm32f3xx_it.c:121:6:HardFault_Handler	4	static
stm32f3xx_it.c:136:6:MemManage_Handler	4	static
stm32f3xx_it.c:151:6:BusFault_Handler	4	static
stm32f3xx_it.c:166:6:UsageFault_Handler	4	static
stm32f3xx_it.c:181:6:SVC_Handler	4	static
stm32f3xx_it.c:194:6:DebugMon_Handler	4	static
stm32f3xx_it.c:207:6:PendSV_Handler	4	static
stm32f3xx_it.c:220:6:SysTick_Handler	8	static
stm32f3xx_it.c:247:6:DMA1_Channel5_IRQHandler	8	static
stm32f3xx_it.c:261:6:ADC1_2_IRQHandler	8	static
stm32f3xx_it.c:283:6:TIM1_BRK_TIM15_IRQHandler	8	static
stm32f3xx_it.c:298:6:TIM1_CC_IRQHandler	8	static
stm32f3xx_it.c:333:6:TIM3_IRQHandler	8	static
stm32f3xx_it.c:350:6:USART1_IRQHandler	8	static
stm32f3xx_it.c:369:6:TIM6_DAC_IRQHandler	8	static
stm32f3xx_it.c:384:6:COMP1_2_3_IRQHandler	8	static
